// Jest Snapshot v1, https://goo.gl/fbAQLP

exports[`Passes Snapshot 1`] = `undefined`;
